../Core/Inc/MHZ_19B.h:43:6:MHZ19_Init	16	static
../Core/Src/main.c:43:5:_write	32	static
../Core/Src/main.c:90:6:HAL_GPIO_EXTI_Callback	16	static
../Core/Src/main.c:104:6:HAL_UARTEx_RxEventCallback	24	static
../Core/Src/main.c:147:5:main	16	static
../Core/Src/main.c:221:6:SystemClock_Config	96	static
../Core/Src/main.c:274:13:MX_ADC_Init	24	static
../Core/Src/main.c:336:13:MX_I2C1_Init	8	static
../Core/Src/main.c:384:13:MX_RTC_Init	8	static
../Core/Src/main.c:419:13:MX_TIM3_Init	64	static
../Core/Src/main.c:483:13:MX_USART1_UART_Init	8	static
../Core/Src/main.c:518:13:MX_USART2_UART_Init	8	static
../Core/Src/main.c:553:13:MX_GPIO_Init	48	static
../Core/Src/main.c:586:6:Error_Handler	8	static,ignoring_inline_asm
